2026-09-28 13:10:27 | [INFO   ] | Логгер успешно сконфигурирован
2026-09-28 13:10:27 | [INFO   ] | Приложение запущено
2026-09-28 13:10:30 | [DEBUG  ] | Угол beta = 46.57
2026-09-28 13:10:30 | [INFO   ] | Успешно | параметры = {'A': '2', 'B': '3', 'C': '4'}
Тип = разносторонний, вершины = [(0, 0), (69, 0), (95, 100)]
2026-09-28 13:12:31 | [INFO   ] | Логгер успешно сконфигурирован
2026-09-28 13:12:31 | [INFO   ] | Приложение запущено
2026-09-28 13:12:35 | [DEBUG  ] | Тип треугольника: не треугольник
2026-09-28 13:12:35 | [WARNING] | Запрос обработан | параметры = {'A': '2', 'B': '4', 'C': '6'}
Результат: не треугольник
2026-09-28 13:12:40 | [INFO   ] | Логгер успешно сконфигурирован
2026-09-28 13:12:40 | [INFO   ] | Приложение запущено
2026-09-28 13:12:42 | [DEBUG  ] | Тип треугольника: разносторонний
2026-09-28 13:12:42 | [DEBUG  ] | Угол beta = 53.13
2026-09-28 13:12:42 | [INFO   ] | Успешно | параметры = {'A': '3', 'B': '4', 'C': '5'}
Тип = разносторонний, вершины = [(0, 0), (75, 0), (75, 100)]
2026-09-28 13:25:30 | [INFO   ] | Логгер успешно сконфигурирован
2026-09-28 13:25:30 | [INFO   ] | Приложение запущено
2026-09-28 13:25:51 | [DEBUG  ] | Тип треугольника: разносторонний
2026-09-28 13:25:51 | [DEBUG  ] | Угол beta = 0.00
2026-09-28 13:25:51 | [INFO   ] | Успешно | параметры = {'A': '0.1', 'B': '0.2', 'C': '0.3'}
Тип = разносторонний, вершины = [(0, 0), (33, 0), (100, 0)]
2026-09-28 13:31:27 | [INFO   ] | Логгер успешно сконфигурирован
2026-09-28 13:31:27 | [INFO   ] | Приложение запущено
2026-09-28 13:31:33 | [DEBUG  ] | Тип треугольника: не треугольник
2026-09-28 13:31:33 | [WARNING] | Запрос обработан | параметры = {'A': '0.1', 'B': '0.2', 'C': '0.3'}
Результат: не треугольник
2026-09-28 13:35:30 | [INFO   ] | Логгер успешно сконфигурирован
2026-09-28 13:35:30 | [INFO   ] | Приложение запущено
2026-09-28 13:35:35 | [DEBUG  ] | Тип треугольника: не треугольник
2026-09-28 13:35:35 | [WARNING] | Запрос обработан | параметры = {'A': '0.1', 'B': '0.2', 'C': '0.3'}
Результат: не треугольник
2026-09-28 13:37:22 | [INFO   ] | Логгер успешно сконфигурирован
2026-09-28 13:37:22 | [INFO   ] | Приложение запущено
2026-09-28 13:37:28 | [DEBUG  ] | Тип треугольника: не треугольник
2026-09-28 13:37:28 | [WARNING] | Запрос обработан | параметры = {'A': '0.1', 'B': '0.2', 'C': '0.3'}
Результат: не треугольник
2026-09-28 13:37:31 | [INFO   ] | Логгер успешно сконфигурирован
2026-09-28 13:37:31 | [INFO   ] | Приложение запущено
2026-09-28 13:37:32 | [DEBUG  ] | Тип треугольника: равнобедренный
2026-09-28 13:37:32 | [DEBUG  ] | Угол beta = 48.19
2026-09-28 13:37:32 | [INFO   ] | Успешно | параметры = {'A': '3', 'B': '3', 'C': '4'}
Тип = равнобедренный, вершины = [(0, 0), (100, 0), (89, 99)]
2026-09-28 13:37:37 | [INFO   ] | Логгер успешно сконфигурирован
2026-09-28 13:37:37 | [INFO   ] | Приложение запущено
2026-09-28 13:37:39 | [ERROR  ] | Параметры = {'A': '-1', 'B': '23', 'C': '42'}
Причина: стороны должны быть положительными
2026-09-28 13:37:42 | [INFO   ] | Логгер успешно сконфигурирован
2026-09-28 13:37:42 | [INFO   ] | Приложение запущено
2026-09-28 13:37:47 | [DEBUG  ] | Тип треугольника: не треугольник
2026-09-28 13:37:47 | [WARNING] | Запрос обработан | параметры = {'A': '1', 'B': '2', 'C': '4'}
Результат: не треугольник
2026-09-28 13:37:52 | [INFO   ] | Логгер успешно сконфигурирован
2026-09-28 13:37:52 | [INFO   ] | Приложение запущено
2026-09-28 13:37:54 | [DEBUG  ] | Тип треугольника: равносторонний
2026-09-28 13:37:54 | [DEBUG  ] | Угол beta = 60.00
2026-09-28 13:37:54 | [INFO   ] | Успешно | параметры = {'A': '1', 'B': '1', 'C': '1'}
Тип = равносторонний, вершины = [(0, 0), (100, 0), (50, 87)]
